// Jest Snapshot v1, https://goo.gl/fbAQLP

exports[`Storyshots Elements Checkbox 1`] = `
<div
  data-radium={true}
  style={
    Object {
      "background": "rgb(255, 255, 255)",
      "bottom": 0,
      "display": "flex",
      "flexDirection": "column",
      "left": 0,
      "position": "absolute",
      "right": 0,
      "top": 0,
    }
  }
>
  <div
    data-radium={true}
    style={
      Object {
        "boxSizing": "border-box",
        "flex": 1,
        "margin": 50,
        "position": "relative",
      }
    }
  >
    <div
      data-radium={true}
      style={
        Object {
          "alignItems": "center",
          "bottom": 0,
          "display": "flex",
          "flexDirection": "column",
          "justifyContent": "center",
          "left": 0,
          "position": "absolute",
          "right": 0,
          "top": 0,
        }
      }
    >
      <div
        data-radium={true}
        style={
          Object {
            "border": "solid 1px rgba(0, 0, 0, 0.0)",
            "boxSizing": "border-box",
            "height": "auto",
            "position": "relative",
            "width": "auto",
          }
        }
      >
        <input
          allowValueOverride={true}
          checked={null}
          displayLabel={true}
          livetype={false}
          name="Name"
          onChange={[Function]}
          submitOnEnter={false}
          type="checkbox"
        />
        <div
          data-radium={true}
          style={
            Object {
              "bottom": "auto",
              "height": 20,
              "left": -19,
              "position": "absolute",
              "right": "auto",
              "top": -19,
              "width": 20,
            }
          }
        >
          <div
            data-radium={true}
            style={
              Object {
                "borderBottom": "solid 1px rgba(0, 0, 0, 0.1)",
                "bottom": 0,
                "left": 0,
                "position": "absolute",
                "right": 5,
                "top": undefined,
              }
            }
          />
          <div
            data-radium={true}
            style={
              Object {
                "borderRight": "solid 1px rgba(0, 0, 0, 0.1)",
                "bottom": 5,
                "left": "auto",
                "position": "absolute",
                "right": 0,
                "top": 0,
              }
            }
          />
        </div>
        <div
          data-radium={true}
          style={
            Object {
              "bottom": "auto",
              "height": 20,
              "left": "auto",
              "position": "absolute",
              "right": -19,
              "top": -19,
              "width": 20,
            }
          }
        >
          <div
            data-radium={true}
            style={
              Object {
                "borderBottom": "solid 1px rgba(0, 0, 0, 0.1)",
                "bottom": 0,
                "left": 5,
                "position": "absolute",
                "right": 0,
                "top": "auto",
              }
            }
          />
          <div
            data-radium={true}
            style={
              Object {
                "borderRight": "solid 1px rgba(0, 0, 0, 0.1)",
                "bottom": 5,
                "left": 0,
                "position": "absolute",
                "right": "auto",
                "top": 0,
              }
            }
          />
        </div>
        <div
          data-radium={true}
          style={
            Object {
              "bottom": -19,
              "height": 20,
              "left": -19,
              "position": "absolute",
              "right": "auto",
              "top": "auto",
              "width": 20,
            }
          }
        >
          <div
            data-radium={true}
            style={
              Object {
                "borderBottom": "solid 1px rgba(0, 0, 0, 0.1)",
                "bottom": "auto",
                "left": 0,
                "position": "absolute",
                "right": 5,
                "top": 0,
              }
            }
          />
          <div
            data-radium={true}
            style={
              Object {
                "borderRight": "solid 1px rgba(0, 0, 0, 0.1)",
                "bottom": 0,
                "left": "auto",
                "position": "absolute",
                "right": 0,
                "top": 5,
              }
            }
          />
        </div>
        <div
          data-radium={true}
          style={
            Object {
              "bottom": -19,
              "height": 20,
              "left": "auto",
              "position": "absolute",
              "right": -19,
              "top": undefined,
              "width": 20,
            }
          }
        >
          <div
            data-radium={true}
            style={
              Object {
                "borderBottom": "solid 1px rgba(0, 0, 0, 0.1)",
                "bottom": "auto",
                "left": 5,
                "position": "absolute",
                "right": 0,
                "top": 0,
              }
            }
          />
          <div
            data-radium={true}
            style={
              Object {
                "borderRight": "solid 1px rgba(0, 0, 0, 0.1)",
                "bottom": 0,
                "left": 0,
                "position": "absolute",
                "right": "auto",
                "top": 5,
              }
            }
          />
        </div>
      </div>
    </div>
  </div>
</div>
`;

exports[`Storyshots Elements Checkbox change event 1`] = `
<div
  data-radium={true}
  style={
    Object {
      "background": "rgb(255, 255, 255)",
      "bottom": 0,
      "display": "flex",
      "flexDirection": "column",
      "left": 0,
      "position": "absolute",
      "right": 0,
      "top": 0,
    }
  }
>
  <div
    data-radium={true}
    style={
      Object {
        "boxSizing": "border-box",
        "flex": 1,
        "margin": 50,
        "position": "relative",
      }
    }
  >
    <div
      data-radium={true}
      style={
        Object {
          "alignItems": "center",
          "bottom": 0,
          "display": "flex",
          "flexDirection": "column",
          "justifyContent": "center",
          "left": 0,
          "position": "absolute",
          "right": 0,
          "top": 0,
        }
      }
    >
      <div
        data-radium={true}
        style={
          Object {
            "border": "solid 1px rgba(0, 0, 0, 0.0)",
            "boxSizing": "border-box",
            "height": "auto",
            "position": "relative",
            "width": "auto",
          }
        }
      >
        <input
          allowValueOverride={true}
          checked={null}
          displayLabel={true}
          livetype={false}
          name=""
          onChange={[Function]}
          submitOnEnter={false}
          type="checkbox"
          valueChangedEvent={[Function]}
        />
        <div
          data-radium={true}
          style={
            Object {
              "bottom": "auto",
              "height": 20,
              "left": -19,
              "position": "absolute",
              "right": "auto",
              "top": -19,
              "width": 20,
            }
          }
        >
          <div
            data-radium={true}
            style={
              Object {
                "borderBottom": "solid 1px rgba(0, 0, 0, 0.1)",
                "bottom": 0,
                "left": 0,
                "position": "absolute",
                "right": 5,
                "top": undefined,
              }
            }
          />
          <div
            data-radium={true}
            style={
              Object {
                "borderRight": "solid 1px rgba(0, 0, 0, 0.1)",
                "bottom": 5,
                "left": "auto",
                "position": "absolute",
                "right": 0,
                "top": 0,
              }
            }
          />
        </div>
        <div
          data-radium={true}
          style={
            Object {
              "bottom": "auto",
              "height": 20,
              "left": "auto",
              "position": "absolute",
              "right": -19,
              "top": -19,
              "width": 20,
            }
          }
        >
          <div
            data-radium={true}
            style={
              Object {
                "borderBottom": "solid 1px rgba(0, 0, 0, 0.1)",
                "bottom": 0,
                "left": 5,
                "position": "absolute",
                "right": 0,
                "top": "auto",
              }
            }
          />
          <div
            data-radium={true}
            style={
              Object {
                "borderRight": "solid 1px rgba(0, 0, 0, 0.1)",
                "bottom": 5,
                "left": 0,
                "position": "absolute",
                "right": "auto",
                "top": 0,
              }
            }
          />
        </div>
        <div
          data-radium={true}
          style={
            Object {
              "bottom": -19,
              "height": 20,
              "left": -19,
              "position": "absolute",
              "right": "auto",
              "top": "auto",
              "width": 20,
            }
          }
        >
          <div
            data-radium={true}
            style={
              Object {
                "borderBottom": "solid 1px rgba(0, 0, 0, 0.1)",
                "bottom": "auto",
                "left": 0,
                "position": "absolute",
                "right": 5,
                "top": 0,
              }
            }
          />
          <div
            data-radium={true}
            style={
              Object {
                "borderRight": "solid 1px rgba(0, 0, 0, 0.1)",
                "bottom": 0,
                "left": "auto",
                "position": "absolute",
                "right": 0,
                "top": 5,
              }
            }
          />
        </div>
        <div
          data-radium={true}
          style={
            Object {
              "bottom": -19,
              "height": 20,
              "left": "auto",
              "position": "absolute",
              "right": -19,
              "top": undefined,
              "width": 20,
            }
          }
        >
          <div
            data-radium={true}
            style={
              Object {
                "borderBottom": "solid 1px rgba(0, 0, 0, 0.1)",
                "bottom": "auto",
                "left": 5,
                "position": "absolute",
                "right": 0,
                "top": 0,
              }
            }
          />
          <div
            data-radium={true}
            style={
              Object {
                "borderRight": "solid 1px rgba(0, 0, 0, 0.1)",
                "bottom": 0,
                "left": 0,
                "position": "absolute",
                "right": "auto",
                "top": 5,
              }
            }
          />
        </div>
      </div>
    </div>
  </div>
</div>
`;

exports[`Storyshots Elements Checkbox selected 1`] = `
<div
  data-radium={true}
  style={
    Object {
      "background": "rgb(255, 255, 255)",
      "bottom": 0,
      "display": "flex",
      "flexDirection": "column",
      "left": 0,
      "position": "absolute",
      "right": 0,
      "top": 0,
    }
  }
>
  <div
    data-radium={true}
    style={
      Object {
        "boxSizing": "border-box",
        "flex": 1,
        "margin": 50,
        "position": "relative",
      }
    }
  >
    <div
      data-radium={true}
      style={
        Object {
          "alignItems": "center",
          "bottom": 0,
          "display": "flex",
          "flexDirection": "column",
          "justifyContent": "center",
          "left": 0,
          "position": "absolute",
          "right": 0,
          "top": 0,
        }
      }
    >
      <div
        data-radium={true}
        style={
          Object {
            "border": "solid 1px rgba(0, 0, 0, 0.0)",
            "boxSizing": "border-box",
            "height": "auto",
            "position": "relative",
            "width": "auto",
          }
        }
      >
        <input
          allowValueOverride={true}
          checked={true}
          displayLabel={true}
          livetype={false}
          name="Name"
          onChange={[Function]}
          submitOnEnter={false}
          type="checkbox"
          value={true}
        />
        <div
          data-radium={true}
          style={
            Object {
              "bottom": "auto",
              "height": 20,
              "left": -19,
              "position": "absolute",
              "right": "auto",
              "top": -19,
              "width": 20,
            }
          }
        >
          <div
            data-radium={true}
            style={
              Object {
                "borderBottom": "solid 1px rgba(0, 0, 0, 0.1)",
                "bottom": 0,
                "left": 0,
                "position": "absolute",
                "right": 5,
                "top": undefined,
              }
            }
          />
          <div
            data-radium={true}
            style={
              Object {
                "borderRight": "solid 1px rgba(0, 0, 0, 0.1)",
                "bottom": 5,
                "left": "auto",
                "position": "absolute",
                "right": 0,
                "top": 0,
              }
            }
          />
        </div>
        <div
          data-radium={true}
          style={
            Object {
              "bottom": "auto",
              "height": 20,
              "left": "auto",
              "position": "absolute",
              "right": -19,
              "top": -19,
              "width": 20,
            }
          }
        >
          <div
            data-radium={true}
            style={
              Object {
                "borderBottom": "solid 1px rgba(0, 0, 0, 0.1)",
                "bottom": 0,
                "left": 5,
                "position": "absolute",
                "right": 0,
                "top": "auto",
              }
            }
          />
          <div
            data-radium={true}
            style={
              Object {
                "borderRight": "solid 1px rgba(0, 0, 0, 0.1)",
                "bottom": 5,
                "left": 0,
                "position": "absolute",
                "right": "auto",
                "top": 0,
              }
            }
          />
        </div>
        <div
          data-radium={true}
          style={
            Object {
              "bottom": -19,
              "height": 20,
              "left": -19,
              "position": "absolute",
              "right": "auto",
              "top": "auto",
              "width": 20,
            }
          }
        >
          <div
            data-radium={true}
            style={
              Object {
                "borderBottom": "solid 1px rgba(0, 0, 0, 0.1)",
                "bottom": "auto",
                "left": 0,
                "position": "absolute",
                "right": 5,
                "top": 0,
              }
            }
          />
          <div
            data-radium={true}
            style={
              Object {
                "borderRight": "solid 1px rgba(0, 0, 0, 0.1)",
                "bottom": 0,
                "left": "auto",
                "position": "absolute",
                "right": 0,
                "top": 5,
              }
            }
          />
        </div>
        <div
          data-radium={true}
          style={
            Object {
              "bottom": -19,
              "height": 20,
              "left": "auto",
              "position": "absolute",
              "right": -19,
              "top": undefined,
              "width": 20,
            }
          }
        >
          <div
            data-radium={true}
            style={
              Object {
                "borderBottom": "solid 1px rgba(0, 0, 0, 0.1)",
                "bottom": "auto",
                "left": 5,
                "position": "absolute",
                "right": 0,
                "top": 0,
              }
            }
          />
          <div
            data-radium={true}
            style={
              Object {
                "borderRight": "solid 1px rgba(0, 0, 0, 0.1)",
                "bottom": 0,
                "left": 0,
                "position": "absolute",
                "right": "auto",
                "top": 5,
              }
            }
          />
        </div>
      </div>
    </div>
  </div>
</div>
`;

exports[`Storyshots Elements Field 1`] = `
<div
  data-radium={true}
  style={
    Object {
      "background": "rgb(255, 255, 255)",
      "bottom": 0,
      "display": "flex",
      "flexDirection": "column",
      "left": 0,
      "position": "absolute",
      "right": 0,
      "top": 0,
    }
  }
>
  <div
    data-radium={true}
    style={
      Object {
        "boxSizing": "border-box",
        "flex": 1,
        "margin": 50,
        "position": "relative",
      }
    }
  >
    <div
      data-radium={true}
      style={
        Object {
          "alignItems": "center",
          "bottom": 0,
          "display": "flex",
          "flexDirection": "column",
          "justifyContent": "center",
          "left": 0,
          "position": "absolute",
          "right": 0,
          "top": 0,
        }
      }
    >
      <div
        data-radium={true}
        style={
          Object {
            "border": "solid 1px rgba(0, 0, 0, 0.0)",
            "boxSizing": "border-box",
            "height": "auto",
            "position": "relative",
            "width": "auto",
          }
        }
      >
        <input
          className="srf-field srf-field"
          livetype={false}
          name="Name"
          onChange={[Function]}
          onKeyPress={[Function]}
          placeholder="Name"
          value=""
        />
        <div
          data-radium={true}
          style={
            Object {
              "bottom": "auto",
              "height": 20,
              "left": -19,
              "position": "absolute",
              "right": "auto",
              "top": -19,
              "width": 20,
            }
          }
        >
          <div
            data-radium={true}
            style={
              Object {
                "borderBottom": "solid 1px rgba(0, 0, 0, 0.1)",
                "bottom": 0,
                "left": 0,
                "position": "absolute",
                "right": 5,
                "top": undefined,
              }
            }
          />
          <div
            data-radium={true}
            style={
              Object {
                "borderRight": "solid 1px rgba(0, 0, 0, 0.1)",
                "bottom": 5,
                "left": "auto",
                "position": "absolute",
                "right": 0,
                "top": 0,
              }
            }
          />
        </div>
        <div
          data-radium={true}
          style={
            Object {
              "bottom": "auto",
              "height": 20,
              "left": "auto",
              "position": "absolute",
              "right": -19,
              "top": -19,
              "width": 20,
            }
          }
        >
          <div
            data-radium={true}
            style={
              Object {
                "borderBottom": "solid 1px rgba(0, 0, 0, 0.1)",
                "bottom": 0,
                "left": 5,
                "position": "absolute",
                "right": 0,
                "top": "auto",
              }
            }
          />
          <div
            data-radium={true}
            style={
              Object {
                "borderRight": "solid 1px rgba(0, 0, 0, 0.1)",
                "bottom": 5,
                "left": 0,
                "position": "absolute",
                "right": "auto",
                "top": 0,
              }
            }
          />
        </div>
        <div
          data-radium={true}
          style={
            Object {
              "bottom": -19,
              "height": 20,
              "left": -19,
              "position": "absolute",
              "right": "auto",
              "top": "auto",
              "width": 20,
            }
          }
        >
          <div
            data-radium={true}
            style={
              Object {
                "borderBottom": "solid 1px rgba(0, 0, 0, 0.1)",
                "bottom": "auto",
                "left": 0,
                "position": "absolute",
                "right": 5,
                "top": 0,
              }
            }
          />
          <div
            data-radium={true}
            style={
              Object {
                "borderRight": "solid 1px rgba(0, 0, 0, 0.1)",
                "bottom": 0,
                "left": "auto",
                "position": "absolute",
                "right": 0,
                "top": 5,
              }
            }
          />
        </div>
        <div
          data-radium={true}
          style={
            Object {
              "bottom": -19,
              "height": 20,
              "left": "auto",
              "position": "absolute",
              "right": -19,
              "top": undefined,
              "width": 20,
            }
          }
        >
          <div
            data-radium={true}
            style={
              Object {
                "borderBottom": "solid 1px rgba(0, 0, 0, 0.1)",
                "bottom": "auto",
                "left": 5,
                "position": "absolute",
                "right": 0,
                "top": 0,
              }
            }
          />
          <div
            data-radium={true}
            style={
              Object {
                "borderRight": "solid 1px rgba(0, 0, 0, 0.1)",
                "bottom": 0,
                "left": 0,
                "position": "absolute",
                "right": "auto",
                "top": 5,
              }
            }
          />
        </div>
      </div>
    </div>
  </div>
</div>
`;

exports[`Storyshots Elements Field change event on enter 1`] = `
<div
  data-radium={true}
  style={
    Object {
      "background": "rgb(255, 255, 255)",
      "bottom": 0,
      "display": "flex",
      "flexDirection": "column",
      "left": 0,
      "position": "absolute",
      "right": 0,
      "top": 0,
    }
  }
>
  <div
    data-radium={true}
    style={
      Object {
        "boxSizing": "border-box",
        "flex": 1,
        "margin": 50,
        "position": "relative",
      }
    }
  >
    <div
      data-radium={true}
      style={
        Object {
          "alignItems": "center",
          "bottom": 0,
          "display": "flex",
          "flexDirection": "column",
          "justifyContent": "center",
          "left": 0,
          "position": "absolute",
          "right": 0,
          "top": 0,
        }
      }
    >
      <div
        data-radium={true}
        style={
          Object {
            "border": "solid 1px rgba(0, 0, 0, 0.0)",
            "boxSizing": "border-box",
            "height": "auto",
            "position": "relative",
            "width": "auto",
          }
        }
      >
        <input
          className="srf-field srf-field"
          livetype={false}
          name=""
          onChange={[Function]}
          onKeyPress={[Function]}
          placeholder=""
          value=""
        />
        <div
          data-radium={true}
          style={
            Object {
              "bottom": "auto",
              "height": 20,
              "left": -19,
              "position": "absolute",
              "right": "auto",
              "top": -19,
              "width": 20,
            }
          }
        >
          <div
            data-radium={true}
            style={
              Object {
                "borderBottom": "solid 1px rgba(0, 0, 0, 0.1)",
                "bottom": 0,
                "left": 0,
                "position": "absolute",
                "right": 5,
                "top": undefined,
              }
            }
          />
          <div
            data-radium={true}
            style={
              Object {
                "borderRight": "solid 1px rgba(0, 0, 0, 0.1)",
                "bottom": 5,
                "left": "auto",
                "position": "absolute",
                "right": 0,
                "top": 0,
              }
            }
          />
        </div>
        <div
          data-radium={true}
          style={
            Object {
              "bottom": "auto",
              "height": 20,
              "left": "auto",
              "position": "absolute",
              "right": -19,
              "top": -19,
              "width": 20,
            }
          }
        >
          <div
            data-radium={true}
            style={
              Object {
                "borderBottom": "solid 1px rgba(0, 0, 0, 0.1)",
                "bottom": 0,
                "left": 5,
                "position": "absolute",
                "right": 0,
                "top": "auto",
              }
            }
          />
          <div
            data-radium={true}
            style={
              Object {
                "borderRight": "solid 1px rgba(0, 0, 0, 0.1)",
                "bottom": 5,
                "left": 0,
                "position": "absolute",
                "right": "auto",
                "top": 0,
              }
            }
          />
        </div>
        <div
          data-radium={true}
          style={
            Object {
              "bottom": -19,
              "height": 20,
              "left": -19,
              "position": "absolute",
              "right": "auto",
              "top": "auto",
              "width": 20,
            }
          }
        >
          <div
            data-radium={true}
            style={
              Object {
                "borderBottom": "solid 1px rgba(0, 0, 0, 0.1)",
                "bottom": "auto",
                "left": 0,
                "position": "absolute",
                "right": 5,
                "top": 0,
              }
            }
          />
          <div
            data-radium={true}
            style={
              Object {
                "borderRight": "solid 1px rgba(0, 0, 0, 0.1)",
                "bottom": 0,
                "left": "auto",
                "position": "absolute",
                "right": 0,
                "top": 5,
              }
            }
          />
        </div>
        <div
          data-radium={true}
          style={
            Object {
              "bottom": -19,
              "height": 20,
              "left": "auto",
              "position": "absolute",
              "right": -19,
              "top": undefined,
              "width": 20,
            }
          }
        >
          <div
            data-radium={true}
            style={
              Object {
                "borderBottom": "solid 1px rgba(0, 0, 0, 0.1)",
                "bottom": "auto",
                "left": 5,
                "position": "absolute",
                "right": 0,
                "top": 0,
              }
            }
          />
          <div
            data-radium={true}
            style={
              Object {
                "borderRight": "solid 1px rgba(0, 0, 0, 0.1)",
                "bottom": 0,
                "left": 0,
                "position": "absolute",
                "right": "auto",
                "top": 5,
              }
            }
          />
        </div>
      </div>
    </div>
  </div>
</div>
`;

exports[`Storyshots Elements Field change event on type 1`] = `
<div
  data-radium={true}
  style={
    Object {
      "background": "rgb(255, 255, 255)",
      "bottom": 0,
      "display": "flex",
      "flexDirection": "column",
      "left": 0,
      "position": "absolute",
      "right": 0,
      "top": 0,
    }
  }
>
  <div
    data-radium={true}
    style={
      Object {
        "boxSizing": "border-box",
        "flex": 1,
        "margin": 50,
        "position": "relative",
      }
    }
  >
    <div
      data-radium={true}
      style={
        Object {
          "alignItems": "center",
          "bottom": 0,
          "display": "flex",
          "flexDirection": "column",
          "justifyContent": "center",
          "left": 0,
          "position": "absolute",
          "right": 0,
          "top": 0,
        }
      }
    >
      <div
        data-radium={true}
        style={
          Object {
            "border": "solid 1px rgba(0, 0, 0, 0.0)",
            "boxSizing": "border-box",
            "height": "auto",
            "position": "relative",
            "width": "auto",
          }
        }
      >
        <input
          className="srf-field srf-field"
          livetype={true}
          name=""
          onChange={[Function]}
          onKeyPress={[Function]}
          placeholder=""
          value=""
        />
        <div
          data-radium={true}
          style={
            Object {
              "bottom": "auto",
              "height": 20,
              "left": -19,
              "position": "absolute",
              "right": "auto",
              "top": -19,
              "width": 20,
            }
          }
        >
          <div
            data-radium={true}
            style={
              Object {
                "borderBottom": "solid 1px rgba(0, 0, 0, 0.1)",
                "bottom": 0,
                "left": 0,
                "position": "absolute",
                "right": 5,
                "top": undefined,
              }
            }
          />
          <div
            data-radium={true}
            style={
              Object {
                "borderRight": "solid 1px rgba(0, 0, 0, 0.1)",
                "bottom": 5,
                "left": "auto",
                "position": "absolute",
                "right": 0,
                "top": 0,
              }
            }
          />
        </div>
        <div
          data-radium={true}
          style={
            Object {
              "bottom": "auto",
              "height": 20,
              "left": "auto",
              "position": "absolute",
              "right": -19,
              "top": -19,
              "width": 20,
            }
          }
        >
          <div
            data-radium={true}
            style={
              Object {
                "borderBottom": "solid 1px rgba(0, 0, 0, 0.1)",
                "bottom": 0,
                "left": 5,
                "position": "absolute",
                "right": 0,
                "top": "auto",
              }
            }
          />
          <div
            data-radium={true}
            style={
              Object {
                "borderRight": "solid 1px rgba(0, 0, 0, 0.1)",
                "bottom": 5,
                "left": 0,
                "position": "absolute",
                "right": "auto",
                "top": 0,
              }
            }
          />
        </div>
        <div
          data-radium={true}
          style={
            Object {
              "bottom": -19,
              "height": 20,
              "left": -19,
              "position": "absolute",
              "right": "auto",
              "top": "auto",
              "width": 20,
            }
          }
        >
          <div
            data-radium={true}
            style={
              Object {
                "borderBottom": "solid 1px rgba(0, 0, 0, 0.1)",
                "bottom": "auto",
                "left": 0,
                "position": "absolute",
                "right": 5,
                "top": 0,
              }
            }
          />
          <div
            data-radium={true}
            style={
              Object {
                "borderRight": "solid 1px rgba(0, 0, 0, 0.1)",
                "bottom": 0,
                "left": "auto",
                "position": "absolute",
                "right": 0,
                "top": 5,
              }
            }
          />
        </div>
        <div
          data-radium={true}
          style={
            Object {
              "bottom": -19,
              "height": 20,
              "left": "auto",
              "position": "absolute",
              "right": -19,
              "top": undefined,
              "width": 20,
            }
          }
        >
          <div
            data-radium={true}
            style={
              Object {
                "borderBottom": "solid 1px rgba(0, 0, 0, 0.1)",
                "bottom": "auto",
                "left": 5,
                "position": "absolute",
                "right": 0,
                "top": 0,
              }
            }
          />
          <div
            data-radium={true}
            style={
              Object {
                "borderRight": "solid 1px rgba(0, 0, 0, 0.1)",
                "bottom": 0,
                "left": 0,
                "position": "absolute",
                "right": "auto",
                "top": 5,
              }
            }
          />
        </div>
      </div>
    </div>
  </div>
</div>
`;

exports[`Storyshots Elements Field with placeholder 1`] = `
<div
  data-radium={true}
  style={
    Object {
      "background": "rgb(255, 255, 255)",
      "bottom": 0,
      "display": "flex",
      "flexDirection": "column",
      "left": 0,
      "position": "absolute",
      "right": 0,
      "top": 0,
    }
  }
>
  <div
    data-radium={true}
    style={
      Object {
        "boxSizing": "border-box",
        "flex": 1,
        "margin": 50,
        "position": "relative",
      }
    }
  >
    <div
      data-radium={true}
      style={
        Object {
          "alignItems": "center",
          "bottom": 0,
          "display": "flex",
          "flexDirection": "column",
          "justifyContent": "center",
          "left": 0,
          "position": "absolute",
          "right": 0,
          "top": 0,
        }
      }
    >
      <div
        data-radium={true}
        style={
          Object {
            "border": "solid 1px rgba(0, 0, 0, 0.0)",
            "boxSizing": "border-box",
            "height": "auto",
            "position": "relative",
            "width": "auto",
          }
        }
      >
        <input
          className="srf-field srf-field"
          livetype={false}
          name="Name"
          onChange={[Function]}
          onKeyPress={[Function]}
          placeholder="Dylan"
          value=""
        />
        <div
          data-radium={true}
          style={
            Object {
              "bottom": "auto",
              "height": 20,
              "left": -19,
              "position": "absolute",
              "right": "auto",
              "top": -19,
              "width": 20,
            }
          }
        >
          <div
            data-radium={true}
            style={
              Object {
                "borderBottom": "solid 1px rgba(0, 0, 0, 0.1)",
                "bottom": 0,
                "left": 0,
                "position": "absolute",
                "right": 5,
                "top": undefined,
              }
            }
          />
          <div
            data-radium={true}
            style={
              Object {
                "borderRight": "solid 1px rgba(0, 0, 0, 0.1)",
                "bottom": 5,
                "left": "auto",
                "position": "absolute",
                "right": 0,
                "top": 0,
              }
            }
          />
        </div>
        <div
          data-radium={true}
          style={
            Object {
              "bottom": "auto",
              "height": 20,
              "left": "auto",
              "position": "absolute",
              "right": -19,
              "top": -19,
              "width": 20,
            }
          }
        >
          <div
            data-radium={true}
            style={
              Object {
                "borderBottom": "solid 1px rgba(0, 0, 0, 0.1)",
                "bottom": 0,
                "left": 5,
                "position": "absolute",
                "right": 0,
                "top": "auto",
              }
            }
          />
          <div
            data-radium={true}
            style={
              Object {
                "borderRight": "solid 1px rgba(0, 0, 0, 0.1)",
                "bottom": 5,
                "left": 0,
                "position": "absolute",
                "right": "auto",
                "top": 0,
              }
            }
          />
        </div>
        <div
          data-radium={true}
          style={
            Object {
              "bottom": -19,
              "height": 20,
              "left": -19,
              "position": "absolute",
              "right": "auto",
              "top": "auto",
              "width": 20,
            }
          }
        >
          <div
            data-radium={true}
            style={
              Object {
                "borderBottom": "solid 1px rgba(0, 0, 0, 0.1)",
                "bottom": "auto",
                "left": 0,
                "position": "absolute",
                "right": 5,
                "top": 0,
              }
            }
          />
          <div
            data-radium={true}
            style={
              Object {
                "borderRight": "solid 1px rgba(0, 0, 0, 0.1)",
                "bottom": 0,
                "left": "auto",
                "position": "absolute",
                "right": 0,
                "top": 5,
              }
            }
          />
        </div>
        <div
          data-radium={true}
          style={
            Object {
              "bottom": -19,
              "height": 20,
              "left": "auto",
              "position": "absolute",
              "right": -19,
              "top": undefined,
              "width": 20,
            }
          }
        >
          <div
            data-radium={true}
            style={
              Object {
                "borderBottom": "solid 1px rgba(0, 0, 0, 0.1)",
                "bottom": "auto",
                "left": 5,
                "position": "absolute",
                "right": 0,
                "top": 0,
              }
            }
          />
          <div
            data-radium={true}
            style={
              Object {
                "borderRight": "solid 1px rgba(0, 0, 0, 0.1)",
                "bottom": 0,
                "left": 0,
                "position": "absolute",
                "right": "auto",
                "top": 5,
              }
            }
          />
        </div>
      </div>
    </div>
  </div>
</div>
`;

exports[`Storyshots Elements Field with value 1`] = `
<div
  data-radium={true}
  style={
    Object {
      "background": "rgb(255, 255, 255)",
      "bottom": 0,
      "display": "flex",
      "flexDirection": "column",
      "left": 0,
      "position": "absolute",
      "right": 0,
      "top": 0,
    }
  }
>
  <div
    data-radium={true}
    style={
      Object {
        "boxSizing": "border-box",
        "flex": 1,
        "margin": 50,
        "position": "relative",
      }
    }
  >
    <div
      data-radium={true}
      style={
        Object {
          "alignItems": "center",
          "bottom": 0,
          "display": "flex",
          "flexDirection": "column",
          "justifyContent": "center",
          "left": 0,
          "position": "absolute",
          "right": 0,
          "top": 0,
        }
      }
    >
      <div
        data-radium={true}
        style={
          Object {
            "border": "solid 1px rgba(0, 0, 0, 0.0)",
            "boxSizing": "border-box",
            "height": "auto",
            "position": "relative",
            "width": "auto",
          }
        }
      >
        <input
          className="srf-field srf-field"
          livetype={false}
          name="Name"
          onChange={[Function]}
          onKeyPress={[Function]}
          placeholder="Dylan"
          value="Hello"
        />
        <div
          data-radium={true}
          style={
            Object {
              "bottom": "auto",
              "height": 20,
              "left": -19,
              "position": "absolute",
              "right": "auto",
              "top": -19,
              "width": 20,
            }
          }
        >
          <div
            data-radium={true}
            style={
              Object {
                "borderBottom": "solid 1px rgba(0, 0, 0, 0.1)",
                "bottom": 0,
                "left": 0,
                "position": "absolute",
                "right": 5,
                "top": undefined,
              }
            }
          />
          <div
            data-radium={true}
            style={
              Object {
                "borderRight": "solid 1px rgba(0, 0, 0, 0.1)",
                "bottom": 5,
                "left": "auto",
                "position": "absolute",
                "right": 0,
                "top": 0,
              }
            }
          />
        </div>
        <div
          data-radium={true}
          style={
            Object {
              "bottom": "auto",
              "height": 20,
              "left": "auto",
              "position": "absolute",
              "right": -19,
              "top": -19,
              "width": 20,
            }
          }
        >
          <div
            data-radium={true}
            style={
              Object {
                "borderBottom": "solid 1px rgba(0, 0, 0, 0.1)",
                "bottom": 0,
                "left": 5,
                "position": "absolute",
                "right": 0,
                "top": "auto",
              }
            }
          />
          <div
            data-radium={true}
            style={
              Object {
                "borderRight": "solid 1px rgba(0, 0, 0, 0.1)",
                "bottom": 5,
                "left": 0,
                "position": "absolute",
                "right": "auto",
                "top": 0,
              }
            }
          />
        </div>
        <div
          data-radium={true}
          style={
            Object {
              "bottom": -19,
              "height": 20,
              "left": -19,
              "position": "absolute",
              "right": "auto",
              "top": "auto",
              "width": 20,
            }
          }
        >
          <div
            data-radium={true}
            style={
              Object {
                "borderBottom": "solid 1px rgba(0, 0, 0, 0.1)",
                "bottom": "auto",
                "left": 0,
                "position": "absolute",
                "right": 5,
                "top": 0,
              }
            }
          />
          <div
            data-radium={true}
            style={
              Object {
                "borderRight": "solid 1px rgba(0, 0, 0, 0.1)",
                "bottom": 0,
                "left": "auto",
                "position": "absolute",
                "right": 0,
                "top": 5,
              }
            }
          />
        </div>
        <div
          data-radium={true}
          style={
            Object {
              "bottom": -19,
              "height": 20,
              "left": "auto",
              "position": "absolute",
              "right": -19,
              "top": undefined,
              "width": 20,
            }
          }
        >
          <div
            data-radium={true}
            style={
              Object {
                "borderBottom": "solid 1px rgba(0, 0, 0, 0.1)",
                "bottom": "auto",
                "left": 5,
                "position": "absolute",
                "right": 0,
                "top": 0,
              }
            }
          />
          <div
            data-radium={true}
            style={
              Object {
                "borderRight": "solid 1px rgba(0, 0, 0, 0.1)",
                "bottom": 0,
                "left": 0,
                "position": "absolute",
                "right": "auto",
                "top": 5,
              }
            }
          />
        </div>
      </div>
    </div>
  </div>
</div>
`;

exports[`Storyshots Elements Select 1`] = `
<div
  data-radium={true}
  style={
    Object {
      "background": "rgb(255, 255, 255)",
      "bottom": 0,
      "display": "flex",
      "flexDirection": "column",
      "left": 0,
      "position": "absolute",
      "right": 0,
      "top": 0,
    }
  }
>
  <div
    data-radium={true}
    style={
      Object {
        "boxSizing": "border-box",
        "flex": 1,
        "margin": 50,
        "position": "relative",
      }
    }
  >
    <div
      data-radium={true}
      style={
        Object {
          "alignItems": "center",
          "bottom": 0,
          "display": "flex",
          "flexDirection": "column",
          "justifyContent": "center",
          "left": 0,
          "position": "absolute",
          "right": 0,
          "top": 0,
        }
      }
    >
      <div
        data-radium={true}
        style={
          Object {
            "border": "solid 1px rgba(0, 0, 0, 0.0)",
            "boxSizing": "border-box",
            "height": "auto",
            "position": "relative",
            "width": "auto",
          }
        }
      >
        <select
          className="srf-select srf-select"
          onChange={[Function]}
          value="0"
        >
          <optgroup
            label="Please select:"
          >
            <option
              value="1"
            >
              item 1
            </option>
            <option
              value="2"
            >
              item 2
            </option>
          </optgroup>
        </select>
        <div
          data-radium={true}
          style={
            Object {
              "bottom": "auto",
              "height": 20,
              "left": -19,
              "position": "absolute",
              "right": "auto",
              "top": -19,
              "width": 20,
            }
          }
        >
          <div
            data-radium={true}
            style={
              Object {
                "borderBottom": "solid 1px rgba(0, 0, 0, 0.1)",
                "bottom": 0,
                "left": 0,
                "position": "absolute",
                "right": 5,
                "top": undefined,
              }
            }
          />
          <div
            data-radium={true}
            style={
              Object {
                "borderRight": "solid 1px rgba(0, 0, 0, 0.1)",
                "bottom": 5,
                "left": "auto",
                "position": "absolute",
                "right": 0,
                "top": 0,
              }
            }
          />
        </div>
        <div
          data-radium={true}
          style={
            Object {
              "bottom": "auto",
              "height": 20,
              "left": "auto",
              "position": "absolute",
              "right": -19,
              "top": -19,
              "width": 20,
            }
          }
        >
          <div
            data-radium={true}
            style={
              Object {
                "borderBottom": "solid 1px rgba(0, 0, 0, 0.1)",
                "bottom": 0,
                "left": 5,
                "position": "absolute",
                "right": 0,
                "top": "auto",
              }
            }
          />
          <div
            data-radium={true}
            style={
              Object {
                "borderRight": "solid 1px rgba(0, 0, 0, 0.1)",
                "bottom": 5,
                "left": 0,
                "position": "absolute",
                "right": "auto",
                "top": 0,
              }
            }
          />
        </div>
        <div
          data-radium={true}
          style={
            Object {
              "bottom": -19,
              "height": 20,
              "left": -19,
              "position": "absolute",
              "right": "auto",
              "top": "auto",
              "width": 20,
            }
          }
        >
          <div
            data-radium={true}
            style={
              Object {
                "borderBottom": "solid 1px rgba(0, 0, 0, 0.1)",
                "bottom": "auto",
                "left": 0,
                "position": "absolute",
                "right": 5,
                "top": 0,
              }
            }
          />
          <div
            data-radium={true}
            style={
              Object {
                "borderRight": "solid 1px rgba(0, 0, 0, 0.1)",
                "bottom": 0,
                "left": "auto",
                "position": "absolute",
                "right": 0,
                "top": 5,
              }
            }
          />
        </div>
        <div
          data-radium={true}
          style={
            Object {
              "bottom": -19,
              "height": 20,
              "left": "auto",
              "position": "absolute",
              "right": -19,
              "top": undefined,
              "width": 20,
            }
          }
        >
          <div
            data-radium={true}
            style={
              Object {
                "borderBottom": "solid 1px rgba(0, 0, 0, 0.1)",
                "bottom": "auto",
                "left": 5,
                "position": "absolute",
                "right": 0,
                "top": 0,
              }
            }
          />
          <div
            data-radium={true}
            style={
              Object {
                "borderRight": "solid 1px rgba(0, 0, 0, 0.1)",
                "bottom": 0,
                "left": 0,
                "position": "absolute",
                "right": "auto",
                "top": 5,
              }
            }
          />
        </div>
      </div>
    </div>
  </div>
</div>
`;

exports[`Storyshots Elements Select with groups 1`] = `
<div
  data-radium={true}
  style={
    Object {
      "background": "rgb(255, 255, 255)",
      "bottom": 0,
      "display": "flex",
      "flexDirection": "column",
      "left": 0,
      "position": "absolute",
      "right": 0,
      "top": 0,
    }
  }
>
  <div
    data-radium={true}
    style={
      Object {
        "boxSizing": "border-box",
        "flex": 1,
        "margin": 50,
        "position": "relative",
      }
    }
  >
    <div
      data-radium={true}
      style={
        Object {
          "alignItems": "center",
          "bottom": 0,
          "display": "flex",
          "flexDirection": "column",
          "justifyContent": "center",
          "left": 0,
          "position": "absolute",
          "right": 0,
          "top": 0,
        }
      }
    >
      <div
        data-radium={true}
        style={
          Object {
            "border": "solid 1px rgba(0, 0, 0, 0.0)",
            "boxSizing": "border-box",
            "height": "auto",
            "position": "relative",
            "width": "auto",
          }
        }
      >
        <select
          className="srf-select srf-select"
          onChange={[Function]}
          value="1"
        >
          <optgroup
            label="group1"
          >
            <option
              value="1"
            >
              item 1
            </option>
            <option
              value="2"
            >
              item 2
            </option>
          </optgroup>
          <optgroup
            label="group2"
          >
            <option
              value="3"
            >
              item 3
            </option>
          </optgroup>
        </select>
        <div
          data-radium={true}
          style={
            Object {
              "bottom": "auto",
              "height": 20,
              "left": -19,
              "position": "absolute",
              "right": "auto",
              "top": -19,
              "width": 20,
            }
          }
        >
          <div
            data-radium={true}
            style={
              Object {
                "borderBottom": "solid 1px rgba(0, 0, 0, 0.1)",
                "bottom": 0,
                "left": 0,
                "position": "absolute",
                "right": 5,
                "top": undefined,
              }
            }
          />
          <div
            data-radium={true}
            style={
              Object {
                "borderRight": "solid 1px rgba(0, 0, 0, 0.1)",
                "bottom": 5,
                "left": "auto",
                "position": "absolute",
                "right": 0,
                "top": 0,
              }
            }
          />
        </div>
        <div
          data-radium={true}
          style={
            Object {
              "bottom": "auto",
              "height": 20,
              "left": "auto",
              "position": "absolute",
              "right": -19,
              "top": -19,
              "width": 20,
            }
          }
        >
          <div
            data-radium={true}
            style={
              Object {
                "borderBottom": "solid 1px rgba(0, 0, 0, 0.1)",
                "bottom": 0,
                "left": 5,
                "position": "absolute",
                "right": 0,
                "top": "auto",
              }
            }
          />
          <div
            data-radium={true}
            style={
              Object {
                "borderRight": "solid 1px rgba(0, 0, 0, 0.1)",
                "bottom": 5,
                "left": 0,
                "position": "absolute",
                "right": "auto",
                "top": 0,
              }
            }
          />
        </div>
        <div
          data-radium={true}
          style={
            Object {
              "bottom": -19,
              "height": 20,
              "left": -19,
              "position": "absolute",
              "right": "auto",
              "top": "auto",
              "width": 20,
            }
          }
        >
          <div
            data-radium={true}
            style={
              Object {
                "borderBottom": "solid 1px rgba(0, 0, 0, 0.1)",
                "bottom": "auto",
                "left": 0,
                "position": "absolute",
                "right": 5,
                "top": 0,
              }
            }
          />
          <div
            data-radium={true}
            style={
              Object {
                "borderRight": "solid 1px rgba(0, 0, 0, 0.1)",
                "bottom": 0,
                "left": "auto",
                "position": "absolute",
                "right": 0,
                "top": 5,
              }
            }
          />
        </div>
        <div
          data-radium={true}
          style={
            Object {
              "bottom": -19,
              "height": 20,
              "left": "auto",
              "position": "absolute",
              "right": -19,
              "top": undefined,
              "width": 20,
            }
          }
        >
          <div
            data-radium={true}
            style={
              Object {
                "borderBottom": "solid 1px rgba(0, 0, 0, 0.1)",
                "bottom": "auto",
                "left": 5,
                "position": "absolute",
                "right": 0,
                "top": 0,
              }
            }
          />
          <div
            data-radium={true}
            style={
              Object {
                "borderRight": "solid 1px rgba(0, 0, 0, 0.1)",
                "bottom": 0,
                "left": 0,
                "position": "absolute",
                "right": "auto",
                "top": 5,
              }
            }
          />
        </div>
      </div>
    </div>
  </div>
</div>
`;

exports[`Storyshots Elements Select with value 1`] = `
<div
  data-radium={true}
  style={
    Object {
      "background": "rgb(255, 255, 255)",
      "bottom": 0,
      "display": "flex",
      "flexDirection": "column",
      "left": 0,
      "position": "absolute",
      "right": 0,
      "top": 0,
    }
  }
>
  <div
    data-radium={true}
    style={
      Object {
        "boxSizing": "border-box",
        "flex": 1,
        "margin": 50,
        "position": "relative",
      }
    }
  >
    <div
      data-radium={true}
      style={
        Object {
          "alignItems": "center",
          "bottom": 0,
          "display": "flex",
          "flexDirection": "column",
          "justifyContent": "center",
          "left": 0,
          "position": "absolute",
          "right": 0,
          "top": 0,
        }
      }
    >
      <div
        data-radium={true}
        style={
          Object {
            "border": "solid 1px rgba(0, 0, 0, 0.0)",
            "boxSizing": "border-box",
            "height": "auto",
            "position": "relative",
            "width": "auto",
          }
        }
      >
        <select
          className="srf-select srf-select"
          onChange={[Function]}
          value="2"
        >
          <optgroup
            label="group1"
          >
            <option
              value="1"
            >
              item 1
            </option>
            <option
              value="2"
            >
              item 2
            </option>
          </optgroup>
          <optgroup
            label="group2"
          >
            <option
              value="3"
            >
              item 3
            </option>
          </optgroup>
        </select>
        <div
          data-radium={true}
          style={
            Object {
              "bottom": "auto",
              "height": 20,
              "left": -19,
              "position": "absolute",
              "right": "auto",
              "top": -19,
              "width": 20,
            }
          }
        >
          <div
            data-radium={true}
            style={
              Object {
                "borderBottom": "solid 1px rgba(0, 0, 0, 0.1)",
                "bottom": 0,
                "left": 0,
                "position": "absolute",
                "right": 5,
                "top": undefined,
              }
            }
          />
          <div
            data-radium={true}
            style={
              Object {
                "borderRight": "solid 1px rgba(0, 0, 0, 0.1)",
                "bottom": 5,
                "left": "auto",
                "position": "absolute",
                "right": 0,
                "top": 0,
              }
            }
          />
        </div>
        <div
          data-radium={true}
          style={
            Object {
              "bottom": "auto",
              "height": 20,
              "left": "auto",
              "position": "absolute",
              "right": -19,
              "top": -19,
              "width": 20,
            }
          }
        >
          <div
            data-radium={true}
            style={
              Object {
                "borderBottom": "solid 1px rgba(0, 0, 0, 0.1)",
                "bottom": 0,
                "left": 5,
                "position": "absolute",
                "right": 0,
                "top": "auto",
              }
            }
          />
          <div
            data-radium={true}
            style={
              Object {
                "borderRight": "solid 1px rgba(0, 0, 0, 0.1)",
                "bottom": 5,
                "left": 0,
                "position": "absolute",
                "right": "auto",
                "top": 0,
              }
            }
          />
        </div>
        <div
          data-radium={true}
          style={
            Object {
              "bottom": -19,
              "height": 20,
              "left": -19,
              "position": "absolute",
              "right": "auto",
              "top": "auto",
              "width": 20,
            }
          }
        >
          <div
            data-radium={true}
            style={
              Object {
                "borderBottom": "solid 1px rgba(0, 0, 0, 0.1)",
                "bottom": "auto",
                "left": 0,
                "position": "absolute",
                "right": 5,
                "top": 0,
              }
            }
          />
          <div
            data-radium={true}
            style={
              Object {
                "borderRight": "solid 1px rgba(0, 0, 0, 0.1)",
                "bottom": 0,
                "left": "auto",
                "position": "absolute",
                "right": 0,
                "top": 5,
              }
            }
          />
        </div>
        <div
          data-radium={true}
          style={
            Object {
              "bottom": -19,
              "height": 20,
              "left": "auto",
              "position": "absolute",
              "right": -19,
              "top": undefined,
              "width": 20,
            }
          }
        >
          <div
            data-radium={true}
            style={
              Object {
                "borderBottom": "solid 1px rgba(0, 0, 0, 0.1)",
                "bottom": "auto",
                "left": 5,
                "position": "absolute",
                "right": 0,
                "top": 0,
              }
            }
          />
          <div
            data-radium={true}
            style={
              Object {
                "borderRight": "solid 1px rgba(0, 0, 0, 0.1)",
                "bottom": 0,
                "left": 0,
                "position": "absolute",
                "right": "auto",
                "top": 5,
              }
            }
          />
        </div>
      </div>
    </div>
  </div>
</div>
`;
